LIBKDUMPFILE_0 {
  global:
    kdump_alloc_ctx;
    kdump_init_ctx;
    kdump_init;
    kdump_free;
    kdump_err_str;
    kdump_set_fd;
    kdump_fdopen;
    kdump_vtop_init;
    kdump_vtop_init_xen;
    kdump_vtop;
    kdump_vtop_xen;
    kdump_vtom;
    kdump_ptom;
    kdump_mtop;
    kdump_read;
    kdump_readp;
    kdump_read_string;
    kdump_set_attr;
    kdump_get_attr;
    kdump_get_string_attr;
    kdump_attr_ref;
    kdump_sub_attr_ref;
    kdump_attr_unref;
    kdump_attr_ref_get;
    kdump_attr_ref_set;
    kdump_attr_iter_start;
    kdump_attr_ref_iter_start;
    kdump_attr_iter_next;
    kdump_attr_iter_end;
    kdump_format;
    kdump_byte_order;
    kdump_ptr_size;
    kdump_arch_name;
    kdump_xen_type;
    kdump_pagesize;
    kdump_pageshift;
    kdump_phys_base;
    kdump_sysname;
    kdump_nodename;
    kdump_release;
    kdump_version;
    kdump_machine;
    kdump_domainname;
    kdump_version_code;
    kdump_num_cpus;
    kdump_read_reg;
    kdump_vmcoreinfo;
    kdump_vmcoreinfo_xen;
    kdump_vmcoreinfo_row;
    kdump_vmcoreinfo_row_xen;
    kdump_vmcoreinfo_symbol;
    kdump_vmcoreinfo_symbol_xen;
    kdump_cb_get_symbol_val;
    kdump_cb_get_symbol_val_xen;
    kdump_set_priv;
    kdump_get_priv;

  local:
    *;
};
